// Jest Snapshot v1, https://goo.gl/fbAQLP

exports[`renders correctly 1`] = `
<DocumentFragment>
  <div
    class="weather-app"
  >
    <h1
      class="location-details"
    >
      , 
    </h1>
    <div
      class="search-form"
    >
      <form>
        <input
          name="search"
          placeholder="Search city..."
          type="text"
          value=""
        />
        <button
          class="searchButton"
          type="submit"
        >
          SEARCH
        </button>
      </form>
    </div>
    <div
      class="forecast-summaries"
    />
  </div>
</DocumentFragment>
`;
