// Jest Snapshot v1, https://goo.gl/fbAQLP

exports[`ForecastSummary renders details of the forecast including: date, description, icon and temperature 1`] = `
<DocumentFragment>
  <div
    class="forecast-summary__date"
  >
     3333444 
  </div>
  <div
    class="forecast-summary__temperature"
  >
    30Â°C
  </div>
  <div
    class="forecast-summary__description"
  >
    Stub description 
  </div>
  <div
    class="forecast-summary__icon"
    data-testid="forecast-icon"
  >
    stubIcon
  </div>
</DocumentFragment>
`;
