// Jest Snapshot v1, https://goo.gl/fbAQLP

exports[`ForecastSummaries renders correctly 1`] = `
<DocumentFragment>
  <div
    class="forecast-summaries"
  >
    <div
      class="forecast-summary"
      data-testid="forecast-summary"
    >
      <div
        class="forecast-summary__date"
      >
        3333444
      </div>
      <div
        class="forecast-summary__icon"
        data-testid="forecast-icon"
      >
        stubIcon1
      </div>
      <div
        class="forecast-summary__temperature"
      >
        22°C
      </div>
      <div
        class="forecast-summary__description"
      >
        stub description 1
      </div>
    </div>
    <div
      class="forecast-summary"
      data-testid="forecast-summary"
    >
      <div
        class="forecast-summary__date"
      >
        3344245
      </div>
      <div
        class="forecast-summary__icon"
        data-testid="forecast-icon"
      >
        stubicon3
      </div>
      <div
        class="forecast-summary__temperature"
      >
        35°C
      </div>
      <div
        class="forecast-summary__description"
      >
        stub description 2
      </div>
    </div>
  </div>
</DocumentFragment>
`;
